{
  "aio": {
    "master": {
      "uncompressed": {
        "runtime-es2015": 3033,
        "main-es2015": 451829,
        "polyfills-es2015": 55230
      }
    }
  },
  "aio-local": {
    "master": {
      "uncompressed": {
        "runtime-es2015": 3033,
        "main-es2015": 453111,
        "polyfills-es2015": 55230
      }
    }
  }
}
